{
  "jcr:primaryType": "cq:ClientLibraryFolder",
  "categories": [
    "test.base.apps.mainapp"
  ],
  "cssProcessor": [
    "default:none",
    "min:none"
  ],
  "jsProcessor": [
    "default:none",
    "min:gcc;obfuscate=true"
  ]
}
